// Vitest Snapshot v1, https://vitest.dev/guide/snapshot.html

exports[`App component > renders hello world 1`] = `
<div>
  <div>
    <h1>
      Hello World!
    </h1>
  </div>
  <button
    type="button"
  >
    Test Button
  </button>
</div>
`;
